// Jest Snapshot v1, https://goo.gl/fbAQLP

exports[`App.vue should render properly 1`] = `
<div id="app">
  <router-view-stub name="default" class="application__container"></router-view-stub>
</div>
`;
