// Jest Snapshot v1, https://goo.gl/fbAQLP

exports[`Button.vue should render properly 1`] = `<button class="button">Haz tu primer pomodoro</button>`;
