// Jest Snapshot v1, https://goo.gl/fbAQLP

exports[`Timer.vue should render properly 1`] = `
<section>
  02:01
</section>
`;
